// Jest Snapshot v1, https://goo.gl/fbAQLP

exports[`matches snapshot 1`] = `
<Row
  justify="center"
>
  <Col>
    <Spin />
  </Col>
</Row>
`;
