// Jest Snapshot v1, https://goo.gl/fbAQLP

exports[`ModalRoot useContainer hook matches snapshot 1`] = `
{
  "modalProps": {},
  "modalType": "CREATE_LIST_MODAL",
  "onCancel": [Function],
}
`;
