// Jest Snapshot v1, https://goo.gl/fbAQLP

exports[`DashboardSearchResult useContainer hook matches snapshot 1`] = `
{
  "handlePagination": [Function],
  "movies": {},
}
`;
