// Jest Snapshot v1, https://goo.gl/fbAQLP

exports[`matches snapshot 1`] = `
{
  "@@observable": [Function],
  "dispatch": [Function],
  "getState": [Function],
  "replaceReducer": [Function],
  "subscribe": [Function],
}
`;
