// Jest Snapshot v1, https://goo.gl/fbAQLP

exports[`Notification component tests matches snapshot 1`] = `""`;
