// Jest Snapshot v1, https://goo.gl/fbAQLP

exports[`matches snapshot 1`] = `
<Row
  justify="center"
>
  <Col>
    <Pagination
      className="pagination"
      showSizeChanger={false}
    />
  </Col>
</Row>
`;
