// Jest Snapshot v1, https://goo.gl/fbAQLP

exports[`DashboardSearchInput useContainer hook matches snapshot 1`] = `
{
  "currentValue": null,
  "handleChange": [Function],
  "handleSearch": [Function],
}
`;
