// Jest Snapshot v1, https://goo.gl/fbAQLP

exports[`Favotites useContainer hook matches snapshot 1`] = `
{
  "handleClick": [Function],
  "lists": {},
}
`;
