// Jest Snapshot v1, https://goo.gl/fbAQLP

exports[`ListsList useContainer hook matches snapshot 1`] = `
{
  "handlePaginationChange": [Function],
}
`;
