// Jest Snapshot v1, https://goo.gl/fbAQLP

exports[`PopoverContent useContainer hook matches snapshot 1`] = `
{
  "cb": [Function],
  "handleAddToList": [Function],
  "handleAddToNewList": [Function],
  "lists": {},
}
`;
