// Jest Snapshot v1, https://goo.gl/fbAQLP

exports[`ListItem useContainer hook matches snapshot 1`] = `
{
  "handleClick": [Function],
  "handleDelete": [Function],
  "onOk": [Function],
}
`;
